// Jest Snapshot v1, https://goo.gl/fbAQLP

exports[`Category Component should matches snapshot 1`] = `
<DocumentFragment>
  <div
    class="flex justify-end items-center gap-4 sm:flex-col md:flex-row"
  >
    <div
      class="relative mx-auto overflow-hidden max-w-[360px] max-h-[230px]"
    >
      <div
        class="flex transition-transform ease-in-out duration-1000"
        style="transform: translateX(-0%);"
      >
        <div
          class="min-w-full flex justify-center gap-8"
        >
          <img
            alt="greenShirts"
            class="w-undefined"
            data-nimg="1"
            decoding="async"
            height="400"
            loading="lazy"
            src="/_next/image?url=%2Fimg.jpg&w=828&q=75"
            srcset="/_next/image?url=%2Fimg.jpg&w=640&q=75 1x, /_next/image?url=%2Fimg.jpg&w=828&q=75 2x"
            style="color: transparent;"
            width="400"
          />
        </div>
        <div
          class="min-w-full flex justify-center gap-8"
        >
          <img
            alt="jean"
            class="w-undefined"
            data-nimg="1"
            decoding="async"
            height="400"
            loading="lazy"
            src="/_next/image?url=%2Fimg.jpg&w=828&q=75"
            srcset="/_next/image?url=%2Fimg.jpg&w=640&q=75 1x, /_next/image?url=%2Fimg.jpg&w=828&q=75 2x"
            style="color: transparent;"
            width="400"
          />
        </div>
      </div>
      <button
        class="absolute top-1/2 transform -translate-y-1/2 bg-blue-500 text-white-100 p-2 z-40"
        data-testid="left-btn"
      >
        <svg
          fill="none"
          height="24"
          viewBox="0 0 24 24"
          width="24"
          xmlns="http://www.w3.org/2000/svg"
        >
          <path
            d="M15.6201 4.49999L8.50012 11.62L15.6201 18.74"
            stroke="white"
            stroke-linecap="round"
            stroke-linejoin="round"
            stroke-miterlimit="10"
            stroke-width="2"
          />
        </svg>
      </button>
      <button
        class="absolute top-1/2 right-0 transform -translate-y-1/2 bg-blue-500 text-white-100 p-2"
        data-testid="right-btn"
      >
        <svg
          fill="none"
          height="24"
          viewBox="0 0 24 24"
          width="24"
          xmlns="http://www.w3.org/2000/svg"
        >
          <path
            d="M8.37988 4.49999L15.4999 11.62L8.37988 18.74"
            stroke="white"
            stroke-linecap="round"
            stroke-linejoin="round"
            stroke-miterlimit="10"
            stroke-width="2"
          />
        </svg>
      </button>
    </div>
    <img
      alt="jean"
      data-nimg="1"
      decoding="async"
      height="150"
      loading="lazy"
      src="/_next/image?url=%2Fimg.jpg&w=640&q=75"
      srcset="/_next/image?url=%2Fimg.jpg&w=256&q=75 1x, /_next/image?url=%2Fimg.jpg&w=640&q=75 2x"
      style="color: transparent;"
      width="250"
    />
  </div>
</DocumentFragment>
`;
