// Jest Snapshot v1, https://goo.gl/fbAQLP

exports[`Button Component should matches snapshot 1`] = `
<div>
  <button
    class="bg-white-100 px-12 py-2 h-12 text-purpleLinear-100 font-bold"
  >
    Shop
  </button>
</div>
`;
