// Jest Snapshot v1, https://goo.gl/fbAQLP

exports[`Quantity renders with initial value and buttons 1`] = `
<DocumentFragment>
  <div
    class="flex justify-center items-center gap-8 border border-dark-90 p-2 h-12 bg-white-100"
  >
    <button
      class="flex items-center justify-center w-6 h-6 text-dark-90"
      data-testid="icon-btn"
    >
      <svg
        fill="currentColor"
        height="100%"
        viewBox="0 0 24 24"
        width="100%"
        xmlns="http://www.w3.org/2000/svg"
      >
        <path
          d="M4 11.5H19.5"
          stroke="currentColor"
          stroke-linecap="round"
          stroke-width="2"
        />
      </svg>
    </button>
    <p
      class="text-black dark:text-white-100    "
    >
      2
    </p>
    <button
      class="flex items-center justify-center w-6 h-6 text-dark-90"
      data-testid="icon-btn"
    >
      <svg
        fill="none"
        height="100%"
        viewBox="0 0 24 24"
        width="100%"
        xmlns="http://www.w3.org/2000/svg"
      >
        <path
          d="M12.5 11.5H5M12.5 4V11.5V4ZM12.5 11.5V19V11.5ZM12.5 11.5H20H12.5Z"
          stroke="currentColor"
          stroke-linecap="round"
          stroke-linejoin="round"
          stroke-width="2"
        />
      </svg>
    </button>
  </div>
</DocumentFragment>
`;
